[debug] [2026-10-01T07:08:44.957Z] ----------------------------------------------------------------------
[debug] [2026-10-01T07:08:44.990Z] Command:       C:\Program Files\nodejs\node.exe C:\Users\coura\AppData\Roaming\npm\node_modules\firebase-tools\lib\bin\firebase.js deploy --only functions
[debug] [2026-10-01T07:08:44.993Z] CLI Version:   14.14.0
[debug] [2026-10-01T07:08:44.993Z] Platform:      win32
[debug] [2026-10-01T07:08:44.994Z] Node Version:  v24.21.0
[debug] [2026-10-01T07:08:44.994Z] Time:          Thu Oct 01 2026 09:08:44 GMT+0200 (South Africa Standard Time)
[debug] [2026-10-01T07:08:44.995Z] ----------------------------------------------------------------------
[debug] 
[debug] [2026-10-01T07:08:45.950Z] > command requires scopes: ["email","openid","https://www.googleapis.com/auth/cloudplatformprojects.readonly","https://www.googleapis.com/auth/firebase","https://www.googleapis.com/auth/cloud-platform"]
[debug] [2026-10-01T07:08:45.952Z] > authorizing via signed-in user (2671832@students.wits.ac.za)
[debug] [2026-10-01T07:08:45.952Z] [iam] checking project medassist-397be for permissions ["cloudfunctions.functions.create","cloudfunctions.functions.delete","cloudfunctions.functions.get","cloudfunctions.functions.list","cloudfunctions.functions.update","cloudfunctions.operations.get","firebase.projects.get"]
[debug] [2026-10-01T07:08:45.958Z] Checked if tokens are valid: true, expires at: 1790839484690
[debug] [2026-10-01T07:08:45.959Z] Checked if tokens are valid: true, expires at: 1790839484690
[debug] [2026-10-01T07:08:45.964Z] >>> [apiv2][query] POST https://cloudresourcemanager.googleapis.com/v1/projects/medassist-397be:testIamPermissions [none]
[debug] [2026-10-01T07:08:45.965Z] >>> [apiv2][(partial)header] POST https://cloudresourcemanager.googleapis.com/v1/projects/medassist-397be:testIamPermissions x-goog-quota-user=projects/medassist-397be
[debug] [2026-10-01T07:08:45.965Z] >>> [apiv2][body] POST https://cloudresourcemanager.googleapis.com/v1/projects/medassist-397be:testIamPermissions {"permissions":["cloudfunctions.functions.create","cloudfunctions.functions.delete","cloudfunctions.functions.get","cloudfunctions.functions.list","cloudfunctions.functions.update","cloudfunctions.operations.get","firebase.projects.get"]}
[debug] [2026-10-01T07:08:48.201Z] <<< [apiv2][status] POST https://cloudresourcemanager.googleapis.com/v1/projects/medassist-397be:testIamPermissions 200
[debug] [2026-10-01T07:08:48.212Z] <<< [apiv2][body] POST https://cloudresourcemanager.googleapis.com/v1/projects/medassist-397be:testIamPermissions {"permissions":["cloudfunctions.functions.create","cloudfunctions.functions.delete","cloudfunctions.functions.get","cloudfunctions.functions.list","cloudfunctions.functions.update","cloudfunctions.operations.get","firebase.projects.get"]}
[debug] [2026-10-01T07:08:48.214Z] Checked if tokens are valid: true, expires at: 1790839484690
[debug] [2026-10-01T07:08:48.216Z] Checked if tokens are valid: true, expires at: 1790839484690
[debug] [2026-10-01T07:08:48.217Z] >>> [apiv2][query] POST https://iam.googleapis.com/v1/projects/medassist-397be/serviceAccounts/medassist-397be@appspot.gserviceaccount.com:testIamPermissions [none]
[debug] [2026-10-01T07:08:48.218Z] >>> [apiv2][body] POST https://iam.googleapis.com/v1/projects/medassist-397be/serviceAccounts/medassist-397be@appspot.gserviceaccount.com:testIamPermissions {"permissions":["iam.serviceAccounts.actAs"]}
[debug] [2026-10-01T07:08:49.857Z] <<< [apiv2][status] POST https://iam.googleapis.com/v1/projects/medassist-397be/serviceAccounts/medassist-397be@appspot.gserviceaccount.com:testIamPermissions 200
[debug] [2026-10-01T07:08:49.858Z] <<< [apiv2][body] POST https://iam.googleapis.com/v1/projects/medassist-397be/serviceAccounts/medassist-397be@appspot.gserviceaccount.com:testIamPermissions {"permissions":["iam.serviceAccounts.actAs"]}
[info] 
[info] === Deploying to 'medassist-397be'...
[info] 
[info] i  deploying functions 
[debug] [2026-10-01T07:08:49.877Z] Checked if tokens are valid: true, expires at: 1790839484690
[debug] [2026-10-01T07:08:49.878Z] Checked if tokens are valid: true, expires at: 1790839484690
[debug] [2026-10-01T07:08:49.878Z] >>> [apiv2][query] GET https://cloudresourcemanager.googleapis.com/v1/projects/medassist-397be [none]
[debug] [2026-10-01T07:08:50.225Z] <<< [apiv2][status] GET https://cloudresourcemanager.googleapis.com/v1/projects/medassist-397be 200
[debug] [2026-10-01T07:08:50.225Z] <<< [apiv2][body] GET https://cloudresourcemanager.googleapis.com/v1/projects/medassist-397be {"projectNumber":"39614620161","projectId":"medassist-397be","lifecycleState":"ACTIVE","name":"MedAssist","labels":{"firebase":"enabled","firebase-core":"disabled"},"createTime":"2026-07-12T21:23:58.329Z"}
[info] i  functions: preparing codebase default for deployment 
[info] i  functions: ensuring required API cloudfunctions.googleapis.com is enabled... 
[info] i  functions: ensuring required API cloudbuild.googleapis.com is enabled... 
[info] i  artifactregistry: ensuring required API artifactregistry.googleapis.com is enabled... 
[debug] [2026-10-01T07:08:50.236Z] Checked if tokens are valid: true, expires at: 1790839484690
[debug] [2026-10-01T07:08:50.236Z] Checked if tokens are valid: true, expires at: 1790839484690
[debug] [2026-10-01T07:08:50.237Z] >>> [apiv2][query] GET https://firebase.googleapis.com/v1beta1/projects/medassist-397be/adminSdkConfig [none]
[debug] [2026-10-01T07:08:51.094Z] <<< [apiv2][status] GET https://firebase.googleapis.com/v1beta1/projects/medassist-397be/adminSdkConfig 200
[debug] [2026-10-01T07:08:51.095Z] <<< [apiv2][body] GET https://firebase.googleapis.com/v1beta1/projects/medassist-397be/adminSdkConfig {"projectId":"medassist-397be","storageBucket":"medassist-397be.firebasestorage.app"}
[debug] [2026-10-01T07:08:51.096Z] Checked if tokens are valid: true, expires at: 1790839484690
[debug] [2026-10-01T07:08:51.097Z] Checked if tokens are valid: true, expires at: 1790839484690
[debug] [2026-10-01T07:08:51.097Z] >>> [apiv2][query] GET https://runtimeconfig.googleapis.com/v1beta1/projects/medassist-397be/configs [none]
[debug] [2026-10-01T07:08:52.098Z] <<< [apiv2][status] GET https://runtimeconfig.googleapis.com/v1beta1/projects/medassist-397be/configs 200
[debug] [2026-10-01T07:08:52.099Z] <<< [apiv2][body] GET https://runtimeconfig.googleapis.com/v1beta1/projects/medassist-397be/configs {}
[debug] [2026-10-01T07:08:52.105Z] Validating nodejs source
[warn] !  functions: Runtime Node.js 20 was deprecated on 2026-04-30 and will be decommissioned on 2026-10-30, after which you will not be able to deploy without upgrading. Consider upgrading now to avoid disruption. See https://cloud.google.com/functions/docs/runtime-support for full details on the lifecycle policy 
[warn] !  functions: package.json indicates an outdated version of firebase-functions. Please upgrade using npm install --save firebase-functions@latest in your functions directory. 
[warn] !  functions: Please note that there will be breaking changes when you upgrade. 
[debug] [2026-10-01T07:08:54.762Z] > [functions] package.json contents: {
  "name": "functions",
  "engines": {
    "node": "20"
  },
  "main": "index.js",
  "dependencies": {
    "firebase-admin": "^12.3.1",
    "firebase-functions": "^5.0.1",
    "node-fetch": "^2.7.0"
  },
  "private": true
}
[debug] [2026-10-01T07:08:54.762Z] Building nodejs source
[info] i  functions: Loading and analyzing source code for codebase default to determine what to deploy 
[debug] [2026-10-01T07:08:54.770Z] Could not find functions.yaml. Must use http discovery
[debug] [2026-10-01T07:08:54.836Z] Found firebase-functions binary at 'C:\Users\coura\Downloads\MedAssist\functions\node_modules\.bin\firebase-functions'
[info] Serving at port 8261

[debug] [2026-10-01T07:08:57.030Z] Got response from /__/functions.yaml {"endpoints":{"incomingCall":{"availableMemoryMb":512,"timeoutSeconds":60,"minInstances":null,"maxInstances":null,"ingressSettings":null,"concurrency":null,"serviceAccountEmail":null,"vpc":null,"platform":"gcfv2","labels":{},"httpsTrigger":{},"entryPoint":"incomingCall"},"handleRecording":{"availableMemoryMb":512,"timeoutSeconds":60,"minInstances":null,"maxInstances":null,"ingressSettings":null,"concurrency":null,"serviceAccountEmail":null,"vpc":null,"platform":"gcfv2","labels":{},"httpsTrigger":{},"entryPoint":"handleRecording"},"finalizeCall":{"availableMemoryMb":512,"timeoutSeconds":300,"minInstances":null,"maxInstances":null,"ingressSettings":null,"concurrency":null,"serviceAccountEmail":null,"vpc":null,"platform":"gcfv2","labels":{},"eventTrigger":{"eventType":"google.cloud.firestore.document.v1.updated","eventFilters":{"database":"(default)","namespace":"(default)"},"eventFilterPathPatterns":{"document":"callSessions/{callSid}"},"retry":false},"entryPoint":"finalizeCall"},"chatMessage":{"availableMemoryMb":null,"timeoutSeconds":60,"minInstances":null,"maxInstances":null,"ingressSettings":null,"concurrency":null,"serviceAccountEmail":null,"vpc":null,"platform":"gcfv2","labels":{},"httpsTrigger":{},"entryPoint":"chatMessage"}},"specVersion":"v1alpha1","requiredAPIs":[],"extensions":{}}
[info] i  extensions: ensuring required API firebaseextensions.googleapis.com is enabled... 
[debug] [2026-10-01T07:09:01.213Z] > command requires scopes: ["email","openid","https://www.googleapis.com/auth/cloudplatformprojects.readonly","https://www.googleapis.com/auth/firebase","https://www.googleapis.com/auth/cloud-platform"]
[debug] [2026-10-01T07:09:01.215Z] > authorizing via signed-in user (2671832@students.wits.ac.za)
[debug] [2026-10-01T07:09:01.216Z] [iam] checking project medassist-397be for permissions ["firebase.projects.get","firebaseextensions.instances.list"]
[debug] [2026-10-01T07:09:01.220Z] Checked if tokens are valid: true, expires at: 1790839484690
[debug] [2026-10-01T07:09:01.220Z] Checked if tokens are valid: true, expires at: 1790839484690
[debug] [2026-10-01T07:09:01.221Z] >>> [apiv2][query] POST https://cloudresourcemanager.googleapis.com/v1/projects/medassist-397be:testIamPermissions [none]
[debug] [2026-10-01T07:09:01.221Z] >>> [apiv2][(partial)header] POST https://cloudresourcemanager.googleapis.com/v1/projects/medassist-397be:testIamPermissions x-goog-quota-user=projects/medassist-397be
[debug] [2026-10-01T07:09:01.221Z] >>> [apiv2][body] POST https://cloudresourcemanager.googleapis.com/v1/projects/medassist-397be:testIamPermissions {"permissions":["firebase.projects.get","firebaseextensions.instances.list"]}
[debug] [2026-10-01T07:09:03.241Z] <<< [apiv2][status] POST https://cloudresourcemanager.googleapis.com/v1/projects/medassist-397be:testIamPermissions 200
[debug] [2026-10-01T07:09:03.241Z] <<< [apiv2][body] POST https://cloudresourcemanager.googleapis.com/v1/projects/medassist-397be:testIamPermissions {"permissions":["firebase.projects.get","firebaseextensions.instances.list"]}
[debug] [2026-10-01T07:09:03.244Z] Checked if tokens are valid: true, expires at: 1790839484690
[debug] [2026-10-01T07:09:03.244Z] Checked if tokens are valid: true, expires at: 1790839484690
[debug] [2026-10-01T07:09:03.245Z] >>> [apiv2][query] GET https://firebaseextensions.googleapis.com/v1beta/projects/medassist-397be/instances pageSize=100&pageToken=
[debug] [2026-10-01T07:09:05.210Z] <<< [apiv2][status] GET https://firebaseextensions.googleapis.com/v1beta/projects/medassist-397be/instances 200
[debug] [2026-10-01T07:09:05.211Z] <<< [apiv2][body] GET https://firebaseextensions.googleapis.com/v1beta/projects/medassist-397be/instances {}
[info] i  functions: Loaded environment variables from .env. 
[info] i  functions: preparing functions directory for uploading... 
[info] i  functions: packaged C:\Users\coura\Downloads\MedAssist\functions (67.79 KB) for uploading 
[debug] [2026-10-01T07:09:05.464Z] Checked if tokens are valid: true, expires at: 1790839484690
[debug] [2026-10-01T07:09:05.465Z] Checked if tokens are valid: true, expires at: 1790839484690
[debug] [2026-10-01T07:09:05.465Z] >>> [apiv2][query] GET https://cloudfunctions.googleapis.com/v1/projects/medassist-397be/locations/-/functions [none]
[debug] [2026-10-01T07:09:06.412Z] <<< [apiv2][status] GET https://cloudfunctions.googleapis.com/v1/projects/medassist-397be/locations/-/functions 200
[debug] [2026-10-01T07:09:06.412Z] <<< [apiv2][body] GET https://cloudfunctions.googleapis.com/v1/projects/medassist-397be/locations/-/functions {}
[debug] [2026-10-01T07:09:06.413Z] Checked if tokens are valid: true, expires at: 1790839484690
[debug] [2026-10-01T07:09:06.413Z] Checked if tokens are valid: true, expires at: 1790839484690
[debug] [2026-10-01T07:09:06.415Z] >>> [apiv2][query] GET https://cloudfunctions.googleapis.com/v2/projects/medassist-397be/locations/-/functions filter=environment%3D%22GEN_2%22
[debug] [2026-10-01T07:09:07.231Z] <<< [apiv2][status] GET https://cloudfunctions.googleapis.com/v2/projects/medassist-397be/locations/-/functions 200
[debug] [2026-10-01T07:09:07.232Z] <<< [apiv2][body] GET https://cloudfunctions.googleapis.com/v2/projects/medassist-397be/locations/-/functions {"functions":[{"name":"projects/medassist-397be/locations/us-central1/functions/chatMessage","buildConfig":{"build":"projects/39614620161/locations/us-central1/builds/6a672e6a-ba4a-4d1c-b1f2-b14f5803e65a","runtime":"nodejs20","entryPoint":"chatMessage","source":{"storageSource":{"bucket":"gcf-v2-sources-39614620161-us-central1","object":"chatMessage/function-source.zip","generation":"1790836699144837"}},"environmentVariables":{"GOOGLE_NODE_RUN_SCRIPTS":""},"dockerRepository":"projects/medassist-397be/locations/us-central1/repositories/gcf-artifacts","sourceProvenance":{"resolvedStorageSource":{"bucket":"gcf-v2-sources-39614620161-us-central1","object":"chatMessage/function-source.zip","generation":"1790836699144837"}},"dockerRegistry":"ARTIFACT_REGISTRY","serviceAccount":"projects/medassist-397be/serviceAccounts/39614620161-compute@developer.gserviceaccount.com","automaticUpdatePolicy":{}},"serviceConfig":{"service":"projects/medassist-397be/locations/us-central1/services/chatmessage","timeoutSeconds":60,"environmentVariables":{"AZURE_SPEECH_KEY":"DNXK1dbv1tulwTJUT1CBeDOe9SNl6hHEunAiOApQKYlp9WHf9JUEJQQJ99CIACrIdLPXJ3w3AAAYACOGvIsQ","AZURE_SPEECH_REGION":"southafricanorth","AZURE_TRANSLATOR_KEY":"CbkeFHn3V464c6jYzSUMWdOwTyJXHfg7MngZtKbwSnfqRCM6a1UYJQQJ99CIACrIdLPXJ3w3AAAbACOGiYhk","AZURE_TRANSLATOR_REGION":"southafricanorth","AZURE_TRANSLATOR_ENDPOINT":"https://api.cognitive.microsofttranslator.com","SIGNALWIRE_PROJECT_ID":"43963c76-4571-4ba3-82a3-51f6ff008ccb","SIGNALWIRE_API_TOKEN":"swapi_Il1mtGDa4JrsM5ne8nmHu3GSK0G5PFqtrmeu","GEMINI_API_KEY":"AQ.Ab8RN6KHmlTSHLAmlXgrj7xzhtPsEvycFjhOcE0tPdZSIwmFlA","GROQ_API_KEY":"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","FUNCTIONS_BASE_URL":"https://us-central1-medassist-397be.cloudfunctions.net","USE_SAY_REPLIES":"true","FIREBASE_CONFIG":"{\"projectId\":\"medassist-397be\",\"storageBucket\":\"medassist-397be.firebasestorage.app\"}","GCLOUD_PROJECT":"medassist-397be","EVENTARC_CLOUD_EVENT_SOURCE":"projects/medassist-397be/locations/us-central1/services/chatMessage","FUNCTION_TARGET":"chatMessage","LOG_EXECUTION_ID":"true"},"maxInstanceCount":20,"ingressSettings":"ALLOW_ALL","uri":"https://chatmessage-pvyz6ypfha-uc.a.run.app","serviceAccountEmail":"39614620161-compute@developer.gserviceaccount.com","availableMemory":"256Mi","allTrafficOnLatestRevision":true,"revision":"chatmessage-00010-dad","maxInstanceRequestConcurrency":80,"availableCpu":"1"},"state":"ACTIVE","updateTime":"2026-10-01T06:39:04.457506918Z","labels":{"firebase-functions-hash":"14a3bd357c4550088ea8a2d2b5a207ad92c34095","deployment-tool":"cli-firebase"},"environment":"GEN_2","url":"https://us-central1-medassist-397be.cloudfunctions.net/chatMessage","createTime":"2026-09-29T02:55:07.075610799Z","satisfiesPzi":true},{"name":"projects/medassist-397be/locations/us-central1/functions/finalizeCall","buildConfig":{"build":"projects/39614620161/locations/us-central1/builds/4bffd6a3-8d84-4b72-9c81-0754f719bad5","runtime":"nodejs20","entryPoint":"finalizeCall","source":{"storageSource":{"bucket":"gcf-v2-sources-39614620161-us-central1","object":"finalizeCall/function-source.zip","generation":"1790836731768998"}},"environmentVariables":{"GOOGLE_NODE_RUN_SCRIPTS":""},"dockerRepository":"projects/medassist-397be/locations/us-central1/repositories/gcf-artifacts","sourceProvenance":{"resolvedStorageSource":{"bucket":"gcf-v2-sources-39614620161-us-central1","object":"finalizeCall/function-source.zip","generation":"1790836731768998"}},"dockerRegistry":"ARTIFACT_REGISTRY","serviceAccount":"projects/medassist-397be/serviceAccounts/39614620161-compute@developer.gserviceaccount.com","automaticUpdatePolicy":{}},"serviceConfig":{"service":"projects/medassist-397be/locations/us-central1/services/finalizecall","timeoutSeconds":300,"environmentVariables":{"AZURE_SPEECH_KEY":"DNXK1dbv1tulwTJUT1CBeDOe9SNl6hHEunAiOApQKYlp9WHf9JUEJQQJ99CIACrIdLPXJ3w3AAAYACOGvIsQ","AZURE_SPEECH_REGION":"southafricanorth","AZURE_TRANSLATOR_KEY":"CbkeFHn3V464c6jYzSUMWdOwTyJXHfg7MngZtKbwSnfqRCM6a1UYJQQJ99CIACrIdLPXJ3w3AAAbACOGiYhk","AZURE_TRANSLATOR_REGION":"southafricanorth","AZURE_TRANSLATOR_ENDPOINT":"https://api.cognitive.microsofttranslator.com","SIGNALWIRE_PROJECT_ID":"43963c76-4571-4ba3-82a3-51f6ff008ccb","SIGNALWIRE_API_TOKEN":"swapi_Il1mtGDa4JrsM5ne8nmHu3GSK0G5PFqtrmeu","GEMINI_API_KEY":"AQ.Ab8RN6KHmlTSHLAmlXgrj7xzhtPsEvycFjhOcE0tPdZSIwmFlA","GROQ_API_KEY":"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","FUNCTIONS_BASE_URL":"https://us-central1-medassist-397be.cloudfunctions.net","USE_SAY_REPLIES":"true","FIREBASE_CONFIG":"{\"projectId\":\"medassist-397be\",\"storageBucket\":\"medassist-397be.firebasestorage.app\"}","GCLOUD_PROJECT":"medassist-397be","EVENTARC_CLOUD_EVENT_SOURCE":"projects/medassist-397be/locations/us-central1/services/finalizeCall","FUNCTION_SIGNATURE_TYPE":"cloudevent","FUNCTION_TARGET":"finalizeCall","LOG_EXECUTION_ID":"true"},"maxInstanceCount":20,"ingressSettings":"ALLOW_ALL","uri":"https://finalizecall-pvyz6ypfha-uc.a.run.app","serviceAccountEmail":"39614620161-compute@developer.gserviceaccount.com","availableMemory":"512Mi","allTrafficOnLatestRevision":true,"revision":"finalizecall-00002-jix","maxInstanceRequestConcurrency":80,"availableCpu":"1"},"eventTrigger":{"trigger":"projects/medassist-397be/locations/nam5/triggers/finalizecall-621040","triggerRegion":"nam5","eventType":"google.cloud.firestore.document.v1.updated","eventFilters":[{"attribute":"database","value":"(default)"},{"attribute":"namespace","value":"(default)"},{"attribute":"document","value":"callSessions/{callSid}","operator":"match-path-pattern"}],"pubsubTopic":"projects/medassist-397be/topics/eventarc-nam5-finalizecall-621040-122","serviceAccountEmail":"39614620161-compute@developer.gserviceaccount.com","retryPolicy":"RETRY_POLICY_DO_NOT_RETRY"},"state":"ACTIVE","updateTime":"2026-10-01T06:39:00.004703133Z","labels":{"firebase-functions-hash":"14a3bd357c4550088ea8a2d2b5a207ad92c34095","deployment-tool":"cli-firebase"},"environment":"GEN_2","url":"https://us-central1-medassist-397be.cloudfunctions.net/finalizeCall","createTime":"2026-10-01T06:30:05.883661599Z","satisfiesPzi":true},{"name":"projects/medassist-397be/locations/us-central1/functions/incomingCall","buildConfig":{"build":"projects/39614620161/locations/us-central1/builds/4bffd6a3-8d84-4b72-9c81-0754f719bad5","runtime":"nodejs20","entryPoint":"incomingCall","source":{"storageSource":{"bucket":"gcf-v2-sources-39614620161-us-central1","object":"incomingCall/function-source.zip","generation":"1790836698963395"}},"environmentVariables":{"GOOGLE_NODE_RUN_SCRIPTS":""},"dockerRepository":"projects/medassist-397be/locations/us-central1/repositories/gcf-artifacts","sourceProvenance":{"resolvedStorageSource":{"bucket":"gcf-v2-sources-39614620161-us-central1","object":"incomingCall/function-source.zip","generation":"1790836698963395"}},"dockerRegistry":"ARTIFACT_REGISTRY","serviceAccount":"projects/medassist-397be/serviceAccounts/39614620161-compute@developer.gserviceaccount.com","automaticUpdatePolicy":{}},"serviceConfig":{"service":"projects/medassist-397be/locations/us-central1/services/incomingcall","timeoutSeconds":60,"environmentVariables":{"AZURE_SPEECH_KEY":"DNXK1dbv1tulwTJUT1CBeDOe9SNl6hHEunAiOApQKYlp9WHf9JUEJQQJ99CIACrIdLPXJ3w3AAAYACOGvIsQ","AZURE_SPEECH_REGION":"southafricanorth","AZURE_TRANSLATOR_KEY":"CbkeFHn3V464c6jYzSUMWdOwTyJXHfg7MngZtKbwSnfqRCM6a1UYJQQJ99CIACrIdLPXJ3w3AAAbACOGiYhk","AZURE_TRANSLATOR_REGION":"southafricanorth","AZURE_TRANSLATOR_ENDPOINT":"https://api.cognitive.microsofttranslator.com","SIGNALWIRE_PROJECT_ID":"43963c76-4571-4ba3-82a3-51f6ff008ccb","SIGNALWIRE_API_TOKEN":"swapi_Il1mtGDa4JrsM5ne8nmHu3GSK0G5PFqtrmeu","GEMINI_API_KEY":"AQ.Ab8RN6KHmlTSHLAmlXgrj7xzhtPsEvycFjhOcE0tPdZSIwmFlA","GROQ_API_KEY":"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","FUNCTIONS_BASE_URL":"https://us-central1-medassist-397be.cloudfunctions.net","USE_SAY_REPLIES":"true","FIREBASE_CONFIG":"{\"projectId\":\"medassist-397be\",\"storageBucket\":\"medassist-397be.firebasestorage.app\"}","GCLOUD_PROJECT":"medassist-397be","EVENTARC_CLOUD_EVENT_SOURCE":"projects/medassist-397be/locations/us-central1/services/incomingCall","FUNCTION_TARGET":"incomingCall","LOG_EXECUTION_ID":"true"},"maxInstanceCount":20,"ingressSettings":"ALLOW_ALL","uri":"https://incomingcall-pvyz6ypfha-uc.a.run.app","serviceAccountEmail":"39614620161-compute@developer.gserviceaccount.com","availableMemory":"512Mi","allTrafficOnLatestRevision":true,"revision":"incomingcall-00015-fic","maxInstanceRequestConcurrency":80,"availableCpu":"1"},"state":"ACTIVE","updateTime":"2026-10-01T06:38:57.050905829Z","labels":{"firebase-functions-hash":"14a3bd357c4550088ea8a2d2b5a207ad92c34095","deployment-tool":"cli-firebase"},"environment":"GEN_2","url":"https://us-central1-medassist-397be.cloudfunctions.net/incomingCall","createTime":"2026-09-27T02:21:07.028926651Z","satisfiesPzi":true},{"name":"projects/medassist-397be/locations/us-central1/functions/handleRecording","buildConfig":{"build":"projects/39614620161/locations/us-central1/builds/4bffd6a3-8d84-4b72-9c81-0754f719bad5","runtime":"nodejs20","entryPoint":"handleRecording","source":{"storageSource":{"bucket":"gcf-v2-sources-39614620161-us-central1","object":"handleRecording/function-source.zip","generation":"1790836731446243"}},"environmentVariables":{"GOOGLE_NODE_RUN_SCRIPTS":""},"dockerRepository":"projects/medassist-397be/locations/us-central1/repositories/gcf-artifacts","sourceProvenance":{"resolvedStorageSource":{"bucket":"gcf-v2-sources-39614620161-us-central1","object":"handleRecording/function-source.zip","generation":"1790836731446243"}},"dockerRegistry":"ARTIFACT_REGISTRY","serviceAccount":"projects/medassist-397be/serviceAccounts/39614620161-compute@developer.gserviceaccount.com","automaticUpdatePolicy":{}},"serviceConfig":{"service":"projects/medassist-397be/locations/us-central1/services/handlerecording","timeoutSeconds":60,"environmentVariables":{"AZURE_SPEECH_KEY":"DNXK1dbv1tulwTJUT1CBeDOe9SNl6hHEunAiOApQKYlp9WHf9JUEJQQJ99CIACrIdLPXJ3w3AAAYACOGvIsQ","AZURE_SPEECH_REGION":"southafricanorth","AZURE_TRANSLATOR_KEY":"CbkeFHn3V464c6jYzSUMWdOwTyJXHfg7MngZtKbwSnfqRCM6a1UYJQQJ99CIACrIdLPXJ3w3AAAbACOGiYhk","AZURE_TRANSLATOR_REGION":"southafricanorth","AZURE_TRANSLATOR_ENDPOINT":"https://api.cognitive.microsofttranslator.com","SIGNALWIRE_PROJECT_ID":"43963c76-4571-4ba3-82a3-51f6ff008ccb","SIGNALWIRE_API_TOKEN":"swapi_Il1mtGDa4JrsM5ne8nmHu3GSK0G5PFqtrmeu","GEMINI_API_KEY":"AQ.Ab8RN6KHmlTSHLAmlXgrj7xzhtPsEvycFjhOcE0tPdZSIwmFlA","GROQ_API_KEY":"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","FUNCTIONS_BASE_URL":"https://us-central1-medassist-397be.cloudfunctions.net","USE_SAY_REPLIES":"true","FIREBASE_CONFIG":"{\"projectId\":\"medassist-397be\",\"storageBucket\":\"medassist-397be.firebasestorage.app\"}","GCLOUD_PROJECT":"medassist-397be","EVENTARC_CLOUD_EVENT_SOURCE":"projects/medassist-397be/locations/us-central1/services/handleRecording","FUNCTION_TARGET":"handleRecording","LOG_EXECUTION_ID":"true","FUNCTION_SIGNATURE_TYPE":"http"},"maxInstanceCount":20,"ingressSettings":"ALLOW_ALL","uri":"https://handlerecording-pvyz6ypfha-uc.a.run.app","serviceAccountEmail":"39614620161-compute@developer.gserviceaccount.com","availableMemory":"512Mi","allTrafficOnLatestRevision":true,"revision":"handlerecording-00015-ham","maxInstanceRequestConcurrency":80,"availableCpu":"1"},"state":"ACTIVE","updateTime":"2026-10-01T06:38:59.116353152Z","labels":{"firebase-functions-hash":"14a3bd357c4550088ea8a2d2b5a207ad92c34095","deployment-tool":"cli-firebase"},"environment":"GEN_2","url":"https://us-central1-medassist-397be.cloudfunctions.net/handleRecording","createTime":"2026-09-27T02:22:05.314348220Z","satisfiesPzi":true}]}
[debug] [2026-10-01T07:09:07.237Z] Checked if tokens are valid: true, expires at: 1790839484690
[debug] [2026-10-01T07:09:07.237Z] Checked if tokens are valid: true, expires at: 1790839484690
[debug] [2026-10-01T07:09:07.237Z] >>> [apiv2][query] GET https://firestore.googleapis.com/v1/projects/medassist-397be/databases/(default) [none]
[debug] [2026-10-01T07:09:09.334Z] <<< [apiv2][status] GET https://firestore.googleapis.com/v1/projects/medassist-397be/databases/(default) 200
[debug] [2026-10-01T07:09:09.337Z] <<< [apiv2][body] GET https://firestore.googleapis.com/v1/projects/medassist-397be/databases/(default) {"name":"projects/medassist-397be/databases/(default)","uid":"02e39327-129c-4414-a4b4-a3afecb470a0","createTime":"2026-09-26T08:51:57.901079Z","updateTime":"2026-09-26T08:51:57.901079Z","locationId":"nam5","type":"FIRESTORE_NATIVE","concurrencyMode":"PESSIMISTIC","versionRetentionPeriod":"3600s","earliestVersionTime":"2026-10-01T06:09:08.171974Z","appEngineIntegrationMode":"DISABLED","keyPrefix":"s","pointInTimeRecoveryEnablement":"POINT_IN_TIME_RECOVERY_DISABLED","deleteProtectionState":"DELETE_PROTECTION_DISABLED","databaseEdition":"STANDARD","freeTier":true,"realtimeUpdatesMode":"REALTIME_UPDATES_MODE_ENABLED","etag":"IJiVjryhmJcDMPeSoLn7i5cD"}
[info] i  functions: ensuring required API run.googleapis.com is enabled... 
[info] i  functions: ensuring required API eventarc.googleapis.com is enabled... 
[info] i  functions: ensuring required API pubsub.googleapis.com is enabled... 
[info] i  functions: ensuring required API storage.googleapis.com is enabled... 
[info] i  functions: generating the service identity for pubsub.googleapis.com... 
[debug] [2026-10-01T07:09:10.130Z] Checked if tokens are valid: true, expires at: 1790839484690
[debug] [2026-10-01T07:09:10.130Z] Checked if tokens are valid: true, expires at: 1790839484690
[info] i  functions: generating the service identity for eventarc.googleapis.com... 
[debug] [2026-10-01T07:09:10.225Z] Checked if tokens are valid: true, expires at: 1790839484690
[debug] [2026-10-01T07:09:10.226Z] Checked if tokens are valid: true, expires at: 1790839484690
[debug] [2026-10-01T07:09:10.229Z] >>> [apiv2][query] POST https://serviceusage.googleapis.com/v1beta1/projects/39614620161/services/pubsub.googleapis.com:generateServiceIdentity [none]
[debug] [2026-10-01T07:09:10.229Z] >>> [apiv2][(partial)header] POST https://serviceusage.googleapis.com/v1beta1/projects/39614620161/services/pubsub.googleapis.com:generateServiceIdentity x-goog-quota-user=projects/39614620161
[debug] [2026-10-01T07:09:10.275Z] >>> [apiv2][body] POST https://serviceusage.googleapis.com/v1beta1/projects/39614620161/services/pubsub.googleapis.com:generateServiceIdentity {}
[debug] [2026-10-01T07:09:10.366Z] >>> [apiv2][query] POST https://serviceusage.googleapis.com/v1beta1/projects/39614620161/services/eventarc.googleapis.com:generateServiceIdentity [none]
[debug] [2026-10-01T07:09:10.366Z] >>> [apiv2][(partial)header] POST https://serviceusage.googleapis.com/v1beta1/projects/39614620161/services/eventarc.googleapis.com:generateServiceIdentity x-goog-quota-user=projects/39614620161
[debug] [2026-10-01T07:09:10.366Z] >>> [apiv2][body] POST https://serviceusage.googleapis.com/v1beta1/projects/39614620161/services/eventarc.googleapis.com:generateServiceIdentity {}
[debug] [2026-10-01T07:09:12.812Z] <<< [apiv2][status] POST https://serviceusage.googleapis.com/v1beta1/projects/39614620161/services/eventarc.googleapis.com:generateServiceIdentity 200
[debug] [2026-10-01T07:09:12.823Z] <<< [apiv2][body] POST https://serviceusage.googleapis.com/v1beta1/projects/39614620161/services/eventarc.googleapis.com:generateServiceIdentity {"name":"operations/finished.DONE_OPERATION","done":true,"response":{"@type":"type.googleapis.com/google.api.serviceusage.v1beta1.ServiceIdentity","email":"service-39614620161@gcp-sa-eventarc.iam.gserviceaccount.com","uniqueId":"114943886485864521388"}}
[debug] [2026-10-01T07:09:12.824Z] <<< [apiv2][status] POST https://serviceusage.googleapis.com/v1beta1/projects/39614620161/services/pubsub.googleapis.com:generateServiceIdentity 200
[debug] [2026-10-01T07:09:12.825Z] <<< [apiv2][body] POST https://serviceusage.googleapis.com/v1beta1/projects/39614620161/services/pubsub.googleapis.com:generateServiceIdentity {"name":"operations/finished.DONE_OPERATION","done":true,"response":{"@type":"type.googleapis.com/google.api.serviceusage.v1beta1.ServiceIdentity","email":"service-39614620161@gcp-sa-pubsub.iam.gserviceaccount.com","uniqueId":"103585865976707185864"}}
[debug] [2026-10-01T07:09:12.941Z] Checked if tokens are valid: true, expires at: 1790839484690
[debug] [2026-10-01T07:09:12.941Z] Checked if tokens are valid: true, expires at: 1790839484690
[debug] [2026-10-01T07:09:12.941Z] >>> [apiv2][query] GET https://cloudresourcemanager.googleapis.com/v1/projects/medassist-397be [none]
[debug] [2026-10-01T07:09:14.696Z] <<< [apiv2][status] GET https://cloudresourcemanager.googleapis.com/v1/projects/medassist-397be 200
[debug] [2026-10-01T07:09:14.697Z] <<< [apiv2][body] GET https://cloudresourcemanager.googleapis.com/v1/projects/medassist-397be {"projectNumber":"39614620161","projectId":"medassist-397be","lifecycleState":"ACTIVE","name":"MedAssist","labels":{"firebase":"enabled","firebase-core":"disabled"},"createTime":"2026-07-12T21:23:58.329Z"}
[debug] [2026-10-01T07:09:14.716Z] Checked if tokens are valid: true, expires at: 1790839484690
[debug] [2026-10-01T07:09:14.717Z] Checked if tokens are valid: true, expires at: 1790839484690
[debug] [2026-10-01T07:09:14.722Z] >>> [apiv2][query] GET https://compute.googleapis.com/compute/v1/projects/39614620161 [none]
[debug] [2026-10-01T07:09:16.596Z] <<< [apiv2][status] GET https://compute.googleapis.com/compute/v1/projects/39614620161 403
[debug] [2026-10-01T07:09:16.812Z] <<< [apiv2][body] GET https://compute.googleapis.com/compute/v1/projects/39614620161 {"error":{"code":403,"message":"Compute Engine API has not been used in project 39614620161 before or it is disabled. Enable it by visiting https://console.developers.google.com/apis/api/compute.googleapis.com/overview?project=39614620161 then retry. If you enabled this API recently, wait a few minutes for the action to propagate to our systems and retry.","errors":[{"message":"Compute Engine API has not been used in project 39614620161 before or it is disabled. Enable it by visiting https://console.developers.google.com/apis/api/compute.googleapis.com/overview?project=39614620161 then retry. If you enabled this API recently, wait a few minutes for the action to propagate to our systems and retry.","domain":"usageLimits","reason":"accessNotConfigured","extendedHelp":"https://console.developers.google.com"}],"status":"PERMISSION_DENIED","details":[{"@type":"type.googleapis.com/google.rpc.ErrorInfo","reason":"SERVICE_DISABLED","domain":"googleapis.com","metadata":{"serviceTitle":"Compute Engine API","service":"compute.googleapis.com","activationUrl":"https://console.developers.google.com/apis/api/compute.googleapis.com/overview?project=39614620161","consumer":"projects/39614620161","containerInfo":"39614620161"}},{"@type":"type.googleapis.com/google.rpc.LocalizedMessage","locale":"en-US","message":"Compute Engine API has not been used in project 39614620161 before or it is disabled. Enable it by visiting https://console.developers.google.com/apis/api/compute.googleapis.com/overview?project=39614620161 then retry. If you enabled this API recently, wait a few minutes for the action to propagate to our systems and retry."},{"@type":"type.googleapis.com/google.rpc.Help","links":[{"description":"Google developers console API activation","url":"https://console.developers.google.com/apis/api/compute.googleapis.com/overview?project=39614620161"}]}]}}
[debug] [2026-10-01T07:09:17.095Z] unable to look up default compute service account. Falling back to 39614620161-compute@developer.gserviceaccount.com. Error: {"name":"FirebaseError","children":[],"context":{"body":{"error":{"code":403,"message":"Compute Engine API has not been used in project 39614620161 before or it is disabled. Enable it by visiting https://console.developers.google.com/apis/api/compute.googleapis.com/overview?project=39614620161 then retry. If you enabled this API recently, wait a few minutes for the action to propagate to our systems and retry.","errors":[{"message":"Compute Engine API has not been used in project 39614620161 before or it is disabled. Enable it by visiting https://console.developers.google.com/apis/api/compute.googleapis.com/overview?project=39614620161 then retry. If you enabled this API recently, wait a few minutes for the action to propagate to our systems and retry.","domain":"usageLimits","reason":"accessNotConfigured","extendedHelp":"https://console.developers.google.com"}],"status":"PERMISSION_DENIED","details":[{"@type":"type.googleapis.com/google.rpc.ErrorInfo","reason":"SERVICE_DISABLED","domain":"googleapis.com","metadata":{"serviceTitle":"Compute Engine API","service":"compute.googleapis.com","activationUrl":"https://console.developers.google.com/apis/api/compute.googleapis.com/overview?project=39614620161","consumer":"projects/39614620161","containerInfo":"39614620161"}},{"@type":"type.googleapis.com/google.rpc.LocalizedMessage","locale":"en-US","message":"Compute Engine API has not been used in project 39614620161 before or it is disabled. Enable it by visiting https://console.developers.google.com/apis/api/compute.googleapis.com/overview?project=39614620161 then retry. If you enabled this API recently, wait a few minutes for the action to propagate to our systems and retry."},{"@type":"type.googleapis.com/google.rpc.Help","links":[{"description":"Google developers console API activation","url":"https://console.developers.google.com/apis/api/compute.googleapis.com/overview?project=39614620161"}]}]}},"response":{"statusCode":403}},"exit":1,"message":"Request to https://compute.googleapis.com/compute/v1/projects/39614620161 had HTTP Error: 403, Compute Engine API has not been used in project 39614620161 before or it is disabled. Enable it by visiting https://console.developers.google.com/apis/api/compute.googleapis.com/overview?project=39614620161 then retry. If you enabled this API recently, wait a few minutes for the action to propagate to our systems and retry.","status":403}
[debug] [2026-10-01T07:09:17.096Z] Checked if tokens are valid: true, expires at: 1790839484690
[debug] [2026-10-01T07:09:17.096Z] Checked if tokens are valid: true, expires at: 1790839484690
[debug] [2026-10-01T07:09:17.141Z] >>> [apiv2][query] GET https://compute.googleapis.com/compute/v1/projects/39614620161 [none]
[debug] [2026-10-01T07:09:17.858Z] <<< [apiv2][status] GET https://compute.googleapis.com/compute/v1/projects/39614620161 403
[debug] [2026-10-01T07:09:17.859Z] <<< [apiv2][body] GET https://compute.googleapis.com/compute/v1/projects/39614620161 {"error":{"code":403,"message":"Compute Engine API has not been used in project 39614620161 before or it is disabled. Enable it by visiting https://console.developers.google.com/apis/api/compute.googleapis.com/overview?project=39614620161 then retry. If you enabled this API recently, wait a few minutes for the action to propagate to our systems and retry.","errors":[{"message":"Compute Engine API has not been used in project 39614620161 before or it is disabled. Enable it by visiting https://console.developers.google.com/apis/api/compute.googleapis.com/overview?project=39614620161 then retry. If you enabled this API recently, wait a few minutes for the action to propagate to our systems and retry.","domain":"usageLimits","reason":"accessNotConfigured","extendedHelp":"https://console.developers.google.com"}],"status":"PERMISSION_DENIED","details":[{"@type":"type.googleapis.com/google.rpc.ErrorInfo","reason":"SERVICE_DISABLED","domain":"googleapis.com","metadata":{"activationUrl":"https://console.developers.google.com/apis/api/compute.googleapis.com/overview?project=39614620161","service":"compute.googleapis.com","serviceTitle":"Compute Engine API","containerInfo":"39614620161","consumer":"projects/39614620161"}},{"@type":"type.googleapis.com/google.rpc.LocalizedMessage","locale":"en-US","message":"Compute Engine API has not been used in project 39614620161 before or it is disabled. Enable it by visiting https://console.developers.google.com/apis/api/compute.googleapis.com/overview?project=39614620161 then retry. If you enabled this API recently, wait a few minutes for the action to propagate to our systems and retry."},{"@type":"type.googleapis.com/google.rpc.Help","links":[{"description":"Google developers console API activation","url":"https://console.developers.google.com/apis/api/compute.googleapis.com/overview?project=39614620161"}]}]}}
[debug] [2026-10-01T07:09:17.879Z] unable to look up default compute service account. Falling back to 39614620161-compute@developer.gserviceaccount.com. Error: {"name":"FirebaseError","children":[],"context":{"body":{"error":{"code":403,"message":"Compute Engine API has not been used in project 39614620161 before or it is disabled. Enable it by visiting https://console.developers.google.com/apis/api/compute.googleapis.com/overview?project=39614620161 then retry. If you enabled this API recently, wait a few minutes for the action to propagate to our systems and retry.","errors":[{"message":"Compute Engine API has not been used in project 39614620161 before or it is disabled. Enable it by visiting https://console.developers.google.com/apis/api/compute.googleapis.com/overview?project=39614620161 then retry. If you enabled this API recently, wait a few minutes for the action to propagate to our systems and retry.","domain":"usageLimits","reason":"accessNotConfigured","extendedHelp":"https://console.developers.google.com"}],"status":"PERMISSION_DENIED","details":[{"@type":"type.googleapis.com/google.rpc.ErrorInfo","reason":"SERVICE_DISABLED","domain":"googleapis.com","metadata":{"activationUrl":"https://console.developers.google.com/apis/api/compute.googleapis.com/overview?project=39614620161","service":"compute.googleapis.com","serviceTitle":"Compute Engine API","containerInfo":"39614620161","consumer":"projects/39614620161"}},{"@type":"type.googleapis.com/google.rpc.LocalizedMessage","locale":"en-US","message":"Compute Engine API has not been used in project 39614620161 before or it is disabled. Enable it by visiting https://console.developers.google.com/apis/api/compute.googleapis.com/overview?project=39614620161 then retry. If you enabled this API recently, wait a few minutes for the action to propagate to our systems and retry."},{"@type":"type.googleapis.com/google.rpc.Help","links":[{"description":"Google developers console API activation","url":"https://console.developers.google.com/apis/api/compute.googleapis.com/overview?project=39614620161"}]}]}},"response":{"statusCode":403}},"exit":1,"message":"Request to https://compute.googleapis.com/compute/v1/projects/39614620161 had HTTP Error: 403, Compute Engine API has not been used in project 39614620161 before or it is disabled. Enable it by visiting https://console.developers.google.com/apis/api/compute.googleapis.com/overview?project=39614620161 then retry. If you enabled this API recently, wait a few minutes for the action to propagate to our systems and retry.","status":403}
[debug] [2026-10-01T07:09:17.880Z] Checked if tokens are valid: true, expires at: 1790839484690
[debug] [2026-10-01T07:09:17.880Z] Checked if tokens are valid: true, expires at: 1790839484690
[debug] [2026-10-01T07:09:17.880Z] >>> [apiv2][query] GET https://compute.googleapis.com/compute/v1/projects/39614620161 [none]
[debug] [2026-10-01T07:09:18.279Z] <<< [apiv2][status] GET https://compute.googleapis.com/compute/v1/projects/39614620161 403
[debug] [2026-10-01T07:09:18.280Z] <<< [apiv2][body] GET https://compute.googleapis.com/compute/v1/projects/39614620161 {"error":{"code":403,"message":"Compute Engine API has not been used in project 39614620161 before or it is disabled. Enable it by visiting https://console.developers.google.com/apis/api/compute.googleapis.com/overview?project=39614620161 then retry. If you enabled this API recently, wait a few minutes for the action to propagate to our systems and retry.","errors":[{"message":"Compute Engine API has not been used in project 39614620161 before or it is disabled. Enable it by visiting https://console.developers.google.com/apis/api/compute.googleapis.com/overview?project=39614620161 then retry. If you enabled this API recently, wait a few minutes for the action to propagate to our systems and retry.","domain":"usageLimits","reason":"accessNotConfigured","extendedHelp":"https://console.developers.google.com"}],"status":"PERMISSION_DENIED","details":[{"@type":"type.googleapis.com/google.rpc.ErrorInfo","reason":"SERVICE_DISABLED","domain":"googleapis.com","metadata":{"service":"compute.googleapis.com","containerInfo":"39614620161","activationUrl":"https://console.developers.google.com/apis/api/compute.googleapis.com/overview?project=39614620161","serviceTitle":"Compute Engine API","consumer":"projects/39614620161"}},{"@type":"type.googleapis.com/google.rpc.LocalizedMessage","locale":"en-US","message":"Compute Engine API has not been used in project 39614620161 before or it is disabled. Enable it by visiting https://console.developers.google.com/apis/api/compute.googleapis.com/overview?project=39614620161 then retry. If you enabled this API recently, wait a few minutes for the action to propagate to our systems and retry."},{"@type":"type.googleapis.com/google.rpc.Help","links":[{"description":"Google developers console API activation","url":"https://console.developers.google.com/apis/api/compute.googleapis.com/overview?project=39614620161"}]}]}}
[debug] [2026-10-01T07:09:18.281Z] unable to look up default compute service account. Falling back to 39614620161-compute@developer.gserviceaccount.com. Error: {"name":"FirebaseError","children":[],"context":{"body":{"error":{"code":403,"message":"Compute Engine API has not been used in project 39614620161 before or it is disabled. Enable it by visiting https://console.developers.google.com/apis/api/compute.googleapis.com/overview?project=39614620161 then retry. If you enabled this API recently, wait a few minutes for the action to propagate to our systems and retry.","errors":[{"message":"Compute Engine API has not been used in project 39614620161 before or it is disabled. Enable it by visiting https://console.developers.google.com/apis/api/compute.googleapis.com/overview?project=39614620161 then retry. If you enabled this API recently, wait a few minutes for the action to propagate to our systems and retry.","domain":"usageLimits","reason":"accessNotConfigured","extendedHelp":"https://console.developers.google.com"}],"status":"PERMISSION_DENIED","details":[{"@type":"type.googleapis.com/google.rpc.ErrorInfo","reason":"SERVICE_DISABLED","domain":"googleapis.com","metadata":{"service":"compute.googleapis.com","containerInfo":"39614620161","activationUrl":"https://console.developers.google.com/apis/api/compute.googleapis.com/overview?project=39614620161","serviceTitle":"Compute Engine API","consumer":"projects/39614620161"}},{"@type":"type.googleapis.com/google.rpc.LocalizedMessage","locale":"en-US","message":"Compute Engine API has not been used in project 39614620161 before or it is disabled. Enable it by visiting https://console.developers.google.com/apis/api/compute.googleapis.com/overview?project=39614620161 then retry. If you enabled this API recently, wait a few minutes for the action to propagate to our systems and retry."},{"@type":"type.googleapis.com/google.rpc.Help","links":[{"description":"Google developers console API activation","url":"https://console.developers.google.com/apis/api/compute.googleapis.com/overview?project=39614620161"}]}]}},"response":{"statusCode":403}},"exit":1,"message":"Request to https://compute.googleapis.com/compute/v1/projects/39614620161 had HTTP Error: 403, Compute Engine API has not been used in project 39614620161 before or it is disabled. Enable it by visiting https://console.developers.google.com/apis/api/compute.googleapis.com/overview?project=39614620161 then retry. If you enabled this API recently, wait a few minutes for the action to propagate to our systems and retry.","status":403}
[debug] [2026-10-01T07:09:18.298Z] Checked if tokens are valid: true, expires at: 1790839484690
[debug] [2026-10-01T07:09:18.298Z] Checked if tokens are valid: true, expires at: 1790839484690
[debug] [2026-10-01T07:09:18.299Z] >>> [apiv2][query] GET https://compute.googleapis.com/compute/v1/projects/39614620161 [none]
[debug] [2026-10-01T07:09:18.616Z] <<< [apiv2][status] GET https://compute.googleapis.com/compute/v1/projects/39614620161 403
[debug] [2026-10-01T07:09:18.616Z] <<< [apiv2][body] GET https://compute.googleapis.com/compute/v1/projects/39614620161 {"error":{"code":403,"message":"Compute Engine API has not been used in project 39614620161 before or it is disabled. Enable it by visiting https://console.developers.google.com/apis/api/compute.googleapis.com/overview?project=39614620161 then retry. If you enabled this API recently, wait a few minutes for the action to propagate to our systems and retry.","errors":[{"message":"Compute Engine API has not been used in project 39614620161 before or it is disabled. Enable it by visiting https://console.developers.google.com/apis/api/compute.googleapis.com/overview?project=39614620161 then retry. If you enabled this API recently, wait a few minutes for the action to propagate to our systems and retry.","domain":"usageLimits","reason":"accessNotConfigured","extendedHelp":"https://console.developers.google.com"}],"status":"PERMISSION_DENIED","details":[{"@type":"type.googleapis.com/google.rpc.ErrorInfo","reason":"SERVICE_DISABLED","domain":"googleapis.com","metadata":{"activationUrl":"https://console.developers.google.com/apis/api/compute.googleapis.com/overview?project=39614620161","service":"compute.googleapis.com","containerInfo":"39614620161","serviceTitle":"Compute Engine API","consumer":"projects/39614620161"}},{"@type":"type.googleapis.com/google.rpc.LocalizedMessage","locale":"en-US","message":"Compute Engine API has not been used in project 39614620161 before or it is disabled. Enable it by visiting https://console.developers.google.com/apis/api/compute.googleapis.com/overview?project=39614620161 then retry. If you enabled this API recently, wait a few minutes for the action to propagate to our systems and retry."},{"@type":"type.googleapis.com/google.rpc.Help","links":[{"description":"Google developers console API activation","url":"https://console.developers.google.com/apis/api/compute.googleapis.com/overview?project=39614620161"}]}]}}
[debug] [2026-10-01T07:09:18.721Z] unable to look up default compute service account. Falling back to 39614620161-compute@developer.gserviceaccount.com. Error: {"name":"FirebaseError","children":[],"context":{"body":{"error":{"code":403,"message":"Compute Engine API has not been used in project 39614620161 before or it is disabled. Enable it by visiting https://console.developers.google.com/apis/api/compute.googleapis.com/overview?project=39614620161 then retry. If you enabled this API recently, wait a few minutes for the action to propagate to our systems and retry.","errors":[{"message":"Compute Engine API has not been used in project 39614620161 before or it is disabled. Enable it by visiting https://console.developers.google.com/apis/api/compute.googleapis.com/overview?project=39614620161 then retry. If you enabled this API recently, wait a few minutes for the action to propagate to our systems and retry.","domain":"usageLimits","reason":"accessNotConfigured","extendedHelp":"https://console.developers.google.com"}],"status":"PERMISSION_DENIED","details":[{"@type":"type.googleapis.com/google.rpc.ErrorInfo","reason":"SERVICE_DISABLED","domain":"googleapis.com","metadata":{"activationUrl":"https://console.developers.google.com/apis/api/compute.googleapis.com/overview?project=39614620161","service":"compute.googleapis.com","containerInfo":"39614620161","serviceTitle":"Compute Engine API","consumer":"projects/39614620161"}},{"@type":"type.googleapis.com/google.rpc.LocalizedMessage","locale":"en-US","message":"Compute Engine API has not been used in project 39614620161 before or it is disabled. Enable it by visiting https://console.developers.google.com/apis/api/compute.googleapis.com/overview?project=39614620161 then retry. If you enabled this API recently, wait a few minutes for the action to propagate to our systems and retry."},{"@type":"type.googleapis.com/google.rpc.Help","links":[{"description":"Google developers console API activation","url":"https://console.developers.google.com/apis/api/compute.googleapis.com/overview?project=39614620161"}]}]}},"response":{"statusCode":403}},"exit":1,"message":"Request to https://compute.googleapis.com/compute/v1/projects/39614620161 had HTTP Error: 403, Compute Engine API has not been used in project 39614620161 before or it is disabled. Enable it by visiting https://console.developers.google.com/apis/api/compute.googleapis.com/overview?project=39614620161 then retry. If you enabled this API recently, wait a few minutes for the action to propagate to our systems and retry.","status":403}
[debug] [2026-10-01T07:09:18.847Z] Checked if tokens are valid: true, expires at: 1790839484690
[debug] [2026-10-01T07:09:18.847Z] Checked if tokens are valid: true, expires at: 1790839484690
[debug] [2026-10-01T07:09:18.847Z] >>> [apiv2][query] GET https://cloudbilling.googleapis.com/v1/projects/medassist-397be/billingInfo [none]
[debug] [2026-10-01T07:09:20.011Z] <<< [apiv2][status] GET https://cloudbilling.googleapis.com/v1/projects/medassist-397be/billingInfo 200
[debug] [2026-10-01T07:09:20.011Z] <<< [apiv2][body] GET https://cloudbilling.googleapis.com/v1/projects/medassist-397be/billingInfo {"name":"projects/medassist-397be/billingInfo","projectId":"medassist-397be","billingAccountName":"billingAccounts/01D06C-D6061E-48D1ED","billingEnabled":true}
[debug] [2026-10-01T07:09:20.127Z] Checked if tokens are valid: true, expires at: 1790839484690
[debug] [2026-10-01T07:09:20.127Z] Checked if tokens are valid: true, expires at: 1790839484690
[debug] [2026-10-01T07:09:20.128Z] >>> [apiv2][query] POST https://cloudfunctions.googleapis.com/v2/projects/medassist-397be/locations/us-central1/functions:generateUploadUrl [none]
[debug] [2026-10-01T07:09:21.691Z] <<< [apiv2][status] POST https://cloudfunctions.googleapis.com/v2/projects/medassist-397be/locations/us-central1/functions:generateUploadUrl 200
[debug] [2026-10-01T07:09:21.692Z] <<< [apiv2][body] POST https://cloudfunctions.googleapis.com/v2/projects/medassist-397be/locations/us-central1/functions:generateUploadUrl {"uploadUrl":"https://storage.googleapis.com/gcf-v2-uploads-39614620161.us-central1.cloudfunctions.appspot.com/43517823-e4ed-4986-96f8-e74b12b74c83.zip?GoogleAccessId=service-39614620161@gcf-admin-robot.iam.gserviceaccount.com&Expires=1790840360&Signature=AnwRBpTEkO8YMapw9cwY6iMxDiI0%2BrqqpFsJV6HGbbR9c1pROJ%2BAsUdxm1Y6K5IqE3FHCz6c1z%2FGu%2BSwY0cIg1YSQmAL5EvlRx9Zy09JrD7f2bntqtO%2Bcf4f9SDF40EhAov80w6HvM2cYLvvbKAoccGPrFefnAKs%2Fjx1YoTeRtDomh46YLKwBnJXHQcKoWG5Jhb5Pi1G1%2B8E6KbLT58TTlxJRQBA9PX0iecOEsykRh95KLckk7PEXiSBJ7uzEcBwXXevhSftHRo79Rk%2BLgx3Wng3i2MeIsnfX4IOBHELOBJ4Zw959eBoWFXvDJVfgLYTqdyMwGBznaYdpVhIKyVB0Q%3D%3D","storageSource":{"bucket":"gcf-v2-uploads-39614620161.us-central1.cloudfunctions.appspot.com","object":"43517823-e4ed-4986-96f8-e74b12b74c83.zip"}}
[debug] [2026-10-01T07:09:21.807Z] >>> [apiv2][query] PUT https://storage.googleapis.com/gcf-v2-uploads-39614620161.us-central1.cloudfunctions.appspot.com/43517823-e4ed-4986-96f8-e74b12b74c83.zip GoogleAccessId=service-39614620161%40gcf-admin-robot.iam.gserviceaccount.com&Expires=1790840360&Signature=AnwRBpTEkO8YMapw9cwY6iMxDiI0%2BrqqpFsJV6HGbbR9c1pROJ%2BAsUdxm1Y6K5IqE3FHCz6c1z%2FGu%2BSwY0cIg1YSQmAL5EvlRx9Zy09JrD7f2bntqtO%2Bcf4f9SDF40EhAov80w6HvM2cYLvvbKAoccGPrFefnAKs%2Fjx1YoTeRtDomh46YLKwBnJXHQcKoWG5Jhb5Pi1G1%2B8E6KbLT58TTlxJRQBA9PX0iecOEsykRh95KLckk7PEXiSBJ7uzEcBwXXevhSftHRo79Rk%2BLgx3Wng3i2MeIsnfX4IOBHELOBJ4Zw959eBoWFXvDJVfgLYTqdyMwGBznaYdpVhIKyVB0Q%3D%3D
[debug] [2026-10-01T07:09:21.854Z] >>> [apiv2][body] PUT https://storage.googleapis.com/gcf-v2-uploads-39614620161.us-central1.cloudfunctions.appspot.com/43517823-e4ed-4986-96f8-e74b12b74c83.zip [stream]
